01:07:14 **** Incremental Build of configuration Debug for project Rangefinder_V3 ****
make -j12 all 
arm-none-eabi-gcc "../Core/Src/main.c" -mcpu=cortex-m4 -std=gnu11 -g3 -DDEBUG -DUSE_HAL_DRIVER -DSTM32F411xE -c -I../Core/Inc -I"D:/Rangefinder/Rangefinder_STM_WS/Rangefinder_V3/Drivers/OLED" -I../Drivers/STM32F4xx_HAL_Driver/Inc -I../Drivers/STM32F4xx_HAL_Driver/Inc/Legacy -I../Drivers/CMSIS/Device/ST/STM32F4xx/Include -I../Drivers/CMSIS/Include -I../Middlewares/Third_Party/FreeRTOS/Source/include -I../Middlewares/Third_Party/FreeRTOS/Source/portable/GCC/ARM_CM4F -I../Middlewares/Third_Party/FreeRTOS/Source/CMSIS_RTOS_V2 -O0 -ffunction-sections -fdata-sections -Wall -fstack-usage -fcyclomatic-complexity -MMD -MP -MF"Core/Src/main.d" -MT"Core/Src/main.o" --specs=nano.specs -mfpu=fpv4-sp-d16 -mfloat-abi=hard -mthumb -o "Core/Src/main.o"
../Core/Src/main.c: In function 'StartLidarTask':
../Core/Src/main.c:475:20: warning: implicit declaration of function 'processData' [-Wimplicit-function-declaration]
  475 |                 if(processData(8, &distance, &strength)){
      |                    ^~~~~~~~~~~
../Core/Src/main.c:479:38: warning: implicit declaration of function 'snprintf' [-Wimplicit-function-declaration]
  479 |                         int retVal = snprintf(data, sizeof(data), "%.2f m", distance_m);
      |                                      ^~~~~~~~
../Core/Src/main.c:27:1: note: include '<stdio.h>' or provide a declaration of 'snprintf'
   26 | #include "plot.h"
  +++ |+#include <stdio.h>
   27 | /* USER CODE END Includes */
../Core/Src/main.c:479:38: warning: incompatible implicit declaration of built-in function 'snprintf' [-Wbuiltin-declaration-mismatch]
  479 |                         int retVal = snprintf(data, sizeof(data), "%.2f m", distance_m);
      |                                      ^~~~~~~~
../Core/Src/main.c:479:38: note: include '<stdio.h>' or provide a declaration of 'snprintf'
../Core/Src/main.c:489:44: warning: unused variable 'ret' [-Wunused-variable]
  489 |                                 osStatus_t ret = osSemaphoreRelease(Graph_Handle);
      |                                            ^~~
arm-none-eabi-gcc -o "Rangefinder_V3.elf" @"objects.list"   -mcpu=cortex-m4 -T"D:\Rangefinder\Rangefinder_STM_WS\Rangefinder_V3\STM32F411RETX_FLASH.ld" --specs=nosys.specs -Wl,-Map="Rangefinder_V3.map" -Wl,--gc-sections -static --specs=nano.specs -mfpu=fpv4-sp-d16 -mfloat-abi=hard -mthumb -u _printf_float -Wl,--start-group -lc -lm -Wl,--end-group
Finished building target: Rangefinder_V3.elf
 
arm-none-eabi-size   Rangefinder_V3.elf 
arm-none-eabi-objdump -h -S  Rangefinder_V3.elf  > "Rangefinder_V3.list"
   text	   data	    bss	    dec	    hex	filename
  58300	    500	  22308	  81108	  13cd4	Rangefinder_V3.elf
Finished building: default.size.stdout
 
Finished building: Rangefinder_V3.list
 

01:07:16 Build Finished. 0 errors, 4 warnings. (took 2s.232ms)

